// Vitest Snapshot v1

exports[`should extract styles 1`] = `
[
  {
    "content": "@charset \\"utf-8\\";@import url('https://fonts.googleapis.com/css?family=Open+Sans&display=swap');html{box-sizing:border-box;}html,body{padding:0px;margin:0px;background-color:lightcoral;font-family:Open Sans, AliasedHelvetica;}*,*::before,*::after{box-sizing:inherit;}.globalClass+.otherGlobalClass{border:1px solid black;border-radius:4px;}@font-face{font-family:'AliasedHelvetica';src:local(Helvetica);}@keyframes c62e63a97{25%{transform:scale(1.25);}from{transform:scale(1);}50%{transform:scale(1.5);}to{transform:scale(1);}}",
    "keys": [
      "61d92872",
      "62e63a97",
    ],
    "toString": [Function],
    "type": "global",
  },
  {
    "content": ".c3c5816c4{color:lightblue;}.cbb3db274{background-color:lightcoral;}.c571db958:hover{background-color:lightcyan;}.ce9403afc[alt]{background-color:lightgray;}",
    "keys": [
      "3c5816c4",
      "bb3db274",
      "571db958",
      "e9403afc",
    ],
    "toString": [Function],
    "type": "longhand",
  },
  {
    "content": ".cde6daf3c{padding:10px;}",
    "keys": [
      "de6daf3c",
    ],
    "toString": [Function],
    "type": "shorthand",
  },
  {
    "content": "@media (min-width: 576px){.c721688f8{color:lightblue;}}@media (min-width: 576px){.c3d523ba0{background-color:lightcoral;}}@media (min-width: 576px){.cf33f0fbe:hover{background-color:lightcyan;}}@media (min-width: 576px){.cec510c6c[alt]{background-color:lightgray;}}@media (min-width: 576px){.ca8209d58{padding:10px;}}",
    "keys": [
      "721688f8",
      "3d523ba0",
      "f33f0fbe",
      "ec510c6c",
      "a8209d58",
    ],
    "toString": [Function],
    "type": "conditional",
  },
]
`;
