// Vitest Snapshot v1, https://vitest.dev/guide/snapshot.html

exports[`coulis > should extract styles 1`] = `
[
  {
    "attributes": {
      "data-coulis-cache": "c77e20e50,c8e4ce7ac",
      "data-coulis-id": "global",
    },
    "content": "@keyframes c77e20e50{25%{transform:scale(1.25);}50%{transform:scale(1.5);}from{transform:scale(1);}to{transform:scale(1);}}*,*::before,*::after{box-sizing:inherit;}.globalClass+.otherGlobalClass{border:1px solid black;border-radius:4px;}@charset "utf-8";@font-face{font-family:'AliasedHelvetica';src:local(Helvetica);}@import url('https://fonts.googleapis.com/css?family=Open+Sans&display=swap');html{box-sizing:border-box;}html,body{background-color:lightcoral;font-family:Open Sans, AliasedHelvetica;}",
  },
  {
    "attributes": {
      "data-coulis-cache": "c2a100aa4,c6a0088d1,ccadc8a20",
      "data-coulis-id": "shorthand",
    },
    "content": ".c2a100aa4{padding:6px;}.c6a0088d1{padding:18px;}.ccadc8a20{padding:12px;}",
  },
  {
    "attributes": {
      "data-coulis-cache": "cdd299de8,cbb3938,ce31a3799,c18a19c73,c72f7daf8,c5ea183e8",
      "data-coulis-id": "longhand",
    },
    "content": ".cdd299de8[alt]{background-color:lightgray;}.cbb3938{background-color:lightcoral;}.ce31a3799{background-color:lightcyan;}.c18a19c73{color:lightblue;}.c72f7daf8{background-color:lightseagreen;}.c5ea183e8{background-color:lightgrey;}",
  },
  {
    "attributes": {
      "data-coulis-cache": "",
      "data-coulis-id": "atShorthand",
    },
    "content": "",
  },
  {
    "attributes": {
      "data-coulis-cache": "",
      "data-coulis-id": "atLonghand",
    },
    "content": "",
  },
]
`;

exports[`coulis > should extract styles given stringified styles 1`] = `"<style data-coulis-cache="c77e20e50,c8e4ce7ac" data-coulis-id="global">@keyframes c77e20e50{25%{transform:scale(1.25);}50%{transform:scale(1.5);}from{transform:scale(1);}to{transform:scale(1);}}*,*::before,*::after{box-sizing:inherit;}.globalClass+.otherGlobalClass{border:1px solid black;border-radius:4px;}@charset "utf-8";@font-face{font-family:'AliasedHelvetica';src:local(Helvetica);}@import url('https://fonts.googleapis.com/css?family=Open+Sans&display=swap');html{box-sizing:border-box;}html,body{background-color:lightcoral;font-family:Open Sans, AliasedHelvetica;}</style><style data-coulis-cache="c2a100aa4,c6a0088d1,ccadc8a20" data-coulis-id="shorthand">.c2a100aa4{padding:6px;}.c6a0088d1{padding:18px;}.ccadc8a20{padding:12px;}</style><style data-coulis-cache="cdd299de8,cbb3938,ce31a3799,c18a19c73,c72f7daf8,c5ea183e8" data-coulis-id="longhand">.cdd299de8[alt]{background-color:lightgray;}.cbb3938{background-color:lightcoral;}.ce31a3799{background-color:lightcyan;}.c18a19c73{color:lightblue;}.c72f7daf8{background-color:lightseagreen;}.c5ea183e8{background-color:lightgrey;}</style><style data-coulis-cache="" data-coulis-id="atShorthand"></style><style data-coulis-cache="" data-coulis-id="atLonghand"></style>"`;
